// Jest Snapshot v1, https://goo.gl/fbAQLP

exports[`Image Filler renders successfully when not visible 1`] = `
<div>
  <div
    class="sc-bdfBQB iQTOWu"
  >
    <button
      class="MuiButton-root MuiButton-outlined MuiButton-outlinedPrimary MuiButton-sizeMedium MuiButton-outlinedSizeMedium MuiButtonBase-root css-1hf73u2-MuiButtonBase-root-MuiButton-root"
      tabindex="0"
      type="button"
    >
      Load more
      <span
        class="MuiTouchRipple-root css-8je8zh-MuiTouchRipple-root"
      />
    </button>
  </div>
</div>
`;

exports[`Image Filler renders successfully when visible 1`] = `
<div>
  <div
    class="sc-bdfBQB iQTOWu"
  >
    <span
      class="MuiCircularProgress-root MuiCircularProgress-indeterminate MuiCircularProgress-colorPrimary css-lepzwj-MuiCircularProgress-root"
      role="progressbar"
      style="width: 45px; height: 45px;"
    >
      <svg
        class="MuiCircularProgress-svg css-1idz92c-MuiCircularProgress-svg"
        viewBox="22 22 44 44"
      >
        <circle
          class="MuiCircularProgress-circle MuiCircularProgress-circleIndeterminate css-176wh8e-MuiCircularProgress-circle"
          cx="44"
          cy="44"
          fill="none"
          r="19.5"
          stroke-width="5"
        />
      </svg>
    </span>
  </div>
</div>
`;
